
> my-project@0.1.0 build
> next build --webpack

▲ Next.js 16.1.6 (webpack)
- Environments: .env.local

  Creating an optimized production build ...
✓ Compiled successfully in 15.2s
  Running TypeScript ...
